\BOOKMARK [1][-]{section.1}{\376\377\000I\000n\000t\000r\000o\000d\000u\000c\000t\000o\000r\000y\000\040\000P\000r\000o\000b\000l\000e\000m\000s}{}% 1
\BOOKMARK [2][-]{subsection.1.1}{\376\377\000A\000p\000p\000l\000e\000\040\000D\000i\000v\000i\000s\000i\000o\000n}{section.1}% 2
\BOOKMARK [2][-]{subsection.1.2}{\376\377\000B\000i\000t\000\040\000S\000t\000r\000i\000n\000g\000s}{section.1}% 3
\BOOKMARK [2][-]{subsection.1.3}{\376\377\000C\000h\000e\000s\000s\000b\000o\000a\000r\000d\000a\000n\000d\000\040\000Q\000u\000e\000e\000n\000s}{section.1}% 4
\BOOKMARK [2][-]{subsection.1.4}{\376\377\000C\000o\000i\000n\000\040\000P\000i\000l\000e\000s}{section.1}% 5
\BOOKMARK [2][-]{subsection.1.5}{\376\377\000C\000r\000e\000a\000t\000i\000n\000g\000\040\000S\000t\000r\000i\000n\000g\000s}{section.1}% 6
\BOOKMARK [2][-]{subsection.1.6}{\376\377\000D\000i\000g\000i\000t\000\040\000Q\000u\000e\000r\000i\000e\000s}{section.1}% 7
\BOOKMARK [2][-]{subsection.1.7}{\376\377\000G\000r\000a\000y\000\040\000C\000o\000d\000e}{section.1}% 8
\BOOKMARK [2][-]{subsection.1.8}{\376\377\000G\000r\000i\000d\000\040\000C\000o\000l\000o\000r\000i\000n\000g\000\040\000I}{section.1}% 9
\BOOKMARK [2][-]{subsection.1.9}{\376\377\000G\000r\000i\000d\000\040\000P\000a\000t\000h\000\040\000D\000e\000s\000c\000r\000i\000p\000t\000i\000o\000n}{section.1}% 10
\BOOKMARK [2][-]{subsection.1.10}{\376\377\000I\000n\000c\000r\000e\000a\000s\000i\000n\000g\000\040\000A\000r\000r\000a\000y}{section.1}% 11
\BOOKMARK [2][-]{subsection.1.11}{\376\377\000K\000n\000i\000g\000h\000t\000\040\000M\000o\000v\000e\000s\000\040\000G\000r\000i\000d}{section.1}% 12
\BOOKMARK [2][-]{subsection.1.12}{\376\377\000M\000e\000x\000\040\000G\000r\000i\000d\000\040\000C\000o\000n\000s\000t\000r\000u\000c\000t\000i\000o\000n}{section.1}% 13
\BOOKMARK [2][-]{subsection.1.13}{\376\377\000M\000i\000s\000s\000i\000n\000g\000\040\000N\000u\000m\000b\000e\000r}{section.1}% 14
\BOOKMARK [2][-]{subsection.1.14}{\376\377\000N\000u\000m\000b\000e\000r\000\040\000S\000p\000i\000r\000a\000l}{section.1}% 15
\BOOKMARK [2][-]{subsection.1.15}{\376\377\000P\000a\000l\000i\000n\000d\000r\000o\000m\000e\000\040\000R\000e\000o\000r\000d\000e\000r}{section.1}% 16
\BOOKMARK [2][-]{subsection.1.16}{\376\377\000P\000e\000r\000m\000u\000t\000a\000t\000i\000o\000n\000s}{section.1}% 17
\BOOKMARK [2][-]{subsection.1.17}{\376\377\000R\000a\000a\000b\000\040\000G\000a\000m\000e\000\040\000I}{section.1}% 18
\BOOKMARK [2][-]{subsection.1.18}{\376\377\000R\000e\000p\000e\000t\000i\000t\000i\000o\000n\000s}{section.1}% 19
\BOOKMARK [2][-]{subsection.1.19}{\376\377\000S\000t\000r\000i\000n\000g\000\040\000R\000e\000o\000r\000d\000e\000r}{section.1}% 20
\BOOKMARK [2][-]{subsection.1.20}{\376\377\000T\000o\000w\000e\000r\000o\000f\000\040\000H\000a\000n\000o\000i}{section.1}% 21
\BOOKMARK [2][-]{subsection.1.21}{\376\377\000T\000r\000a\000i\000l\000i\000n\000g\000\040\000Z\000e\000r\000o\000s}{section.1}% 22
\BOOKMARK [2][-]{subsection.1.22}{\376\377\000T\000w\000o\000\040\000K\000n\000i\000g\000h\000t\000s}{section.1}% 23
\BOOKMARK [2][-]{subsection.1.23}{\376\377\000T\000w\000o\000\040\000S\000e\000t\000s}{section.1}% 24
\BOOKMARK [2][-]{subsection.1.24}{\376\377\000W\000e\000i\000r\000d\000\040\000A\000l\000g\000o\000r\000i\000t\000h\000m}{section.1}% 25
\BOOKMARK [1][-]{section.2}{\376\377\000D\000y\000n\000a\000m\000i\000c\000\040\000P\000r\000o\000g\000r\000a\000m\000m\000i\000n\000g}{}% 26
\BOOKMARK [2][-]{subsection.2.1}{\376\377\000A\000r\000r\000a\000y\000\040\000D\000e\000s\000c\000r\000i\000p\000t\000i\000o\000n}{section.2}% 27
\BOOKMARK [2][-]{subsection.2.2}{\376\377\000B\000o\000o\000k\000\040\000S\000h\000o\000p}{section.2}% 28
\BOOKMARK [2][-]{subsection.2.3}{\376\377\000C\000o\000i\000n\000\040\000C\000o\000m\000b\000i\000n\000a\000t\000i\000o\000n\000s\000\040\000I}{section.2}% 29
\BOOKMARK [2][-]{subsection.2.4}{\376\377\000C\000o\000i\000n\000\040\000C\000o\000m\000b\000i\000n\000a\000t\000i\000o\000n\000s\000\040\000I\000I}{section.2}% 30
\BOOKMARK [2][-]{subsection.2.5}{\376\377\000C\000o\000u\000n\000t\000i\000n\000g\000\040\000N\000u\000m\000b\000e\000r\000s}{section.2}% 31
\BOOKMARK [2][-]{subsection.2.6}{\376\377\000C\000o\000u\000n\000t\000i\000n\000g\000\040\000T\000i\000l\000i\000n\000g}{section.2}% 32
\BOOKMARK [2][-]{subsection.2.7}{\376\377\000C\000o\000u\000n\000t\000i\000n\000g\000\040\000T\000o\000w\000e\000r\000s}{section.2}% 33
\BOOKMARK [2][-]{subsection.2.8}{\376\377\000D\000i\000c\000e\000\040\000C\000o\000m\000b\000i\000n\000a\000t\000i\000o\000n\000s}{section.2}% 34
\BOOKMARK [2][-]{subsection.2.9}{\376\377\000E\000d\000i\000t\000\040\000D\000i\000s\000t\000a\000n\000c\000e}{section.2}% 35
\BOOKMARK [2][-]{subsection.2.10}{\376\377\000E\000l\000e\000v\000a\000t\000o\000r\000\040\000R\000i\000d\000e\000s}{section.2}% 36
\BOOKMARK [2][-]{subsection.2.11}{\376\377\000G\000r\000i\000d\000\040\000P\000a\000t\000h\000s\000\040\000I}{section.2}% 37
\BOOKMARK [2][-]{subsection.2.12}{\376\377\000I\000n\000c\000r\000e\000a\000s\000i\000n\000g\000\040\000S\000u\000b\000s\000e\000q\000u\000e\000n\000c\000e}{section.2}% 38
\BOOKMARK [2][-]{subsection.2.13}{\376\377\000I\000n\000c\000r\000e\000a\000s\000i\000n\000g\000\040\000S\000u\000b\000s\000e\000q\000u\000e\000n\000c\000e\000\040\000I\000I}{section.2}% 39
\BOOKMARK [2][-]{subsection.2.14}{\376\377\000L\000o\000n\000g\000e\000s\000t\000\040\000C\000o\000m\000m\000o\000n\000\040\000S\000u\000b\000s\000e\000q\000u\000e\000n\000c\000e}{section.2}% 40
\BOOKMARK [2][-]{subsection.2.15}{\376\377\000M\000i\000n\000i\000m\000a\000l\000\040\000G\000r\000i\000d\000\040\000P\000a\000t\000h}{section.2}% 41
\BOOKMARK [2][-]{subsection.2.16}{\376\377\000M\000i\000n\000i\000m\000i\000z\000i\000n\000g\000\040\000C\000o\000i\000n\000s}{section.2}% 42
\BOOKMARK [2][-]{subsection.2.17}{\376\377\000M\000o\000n\000e\000y\000\040\000S\000u\000m\000s}{section.2}% 43
\BOOKMARK [2][-]{subsection.2.18}{\376\377\000M\000o\000u\000n\000t\000a\000i\000n\000\040\000R\000a\000n\000g\000e}{section.2}% 44
\BOOKMARK [2][-]{subsection.2.19}{\376\377\000P\000r\000o\000j\000e\000c\000t\000s}{section.2}% 45
\BOOKMARK [2][-]{subsection.2.20}{\376\377\000R\000e\000c\000t\000a\000n\000g\000l\000e\000\040\000C\000u\000t\000t\000i\000n\000g}{section.2}% 46
\BOOKMARK [2][-]{subsection.2.21}{\376\377\000R\000e\000m\000o\000v\000a\000l\000\040\000G\000a\000m\000e}{section.2}% 47
\BOOKMARK [2][-]{subsection.2.22}{\376\377\000R\000e\000m\000o\000v\000i\000n\000g\000\040\000D\000i\000g\000i\000t\000s}{section.2}% 48
\BOOKMARK [2][-]{subsection.2.23}{\376\377\000T\000w\000o\000\040\000S\000e\000t\000s\000\040\000I\000I}{section.2}% 49
\BOOKMARK [1][-]{section.3}{\376\377\000G\000r\000a\000p\000h\000\040\000A\000l\000g\000o\000r\000i\000t\000h\000m\000s}{}% 50
\BOOKMARK [2][-]{subsection.3.1}{\376\377\000B\000u\000i\000l\000d\000i\000n\000g\000\040\000R\000o\000a\000d\000s}{section.3}% 51
\BOOKMARK [2][-]{subsection.3.2}{\376\377\000B\000u\000i\000l\000d\000i\000n\000g\000\040\000T\000e\000a\000m\000s}{section.3}% 52
\BOOKMARK [2][-]{subsection.3.3}{\376\377\000C\000o\000i\000n\000\040\000C\000o\000l\000l\000e\000c\000t\000o\000r}{section.3}% 53
\BOOKMARK [2][-]{subsection.3.4}{\376\377\000C\000o\000u\000n\000t\000i\000n\000g\000\040\000R\000o\000o\000m\000s}{section.3}% 54
\BOOKMARK [2][-]{subsection.3.5}{\376\377\000C\000o\000u\000r\000s\000e\000\040\000S\000c\000h\000e\000d\000u\000l\000e}{section.3}% 55
\BOOKMARK [2][-]{subsection.3.6}{\376\377\000C\000y\000c\000l\000e\000\040\000F\000i\000n\000d\000i\000n\000g}{section.3}% 56
\BOOKMARK [2][-]{subsection.3.7}{\376\377\000D\000e\000\040\000B\000r\000u\000i\000j\000n\000\040\000S\000e\000q\000u\000e\000n\000c\000e}{section.3}% 57
\BOOKMARK [2][-]{subsection.3.8}{\376\377\000D\000i\000s\000t\000i\000n\000c\000t\000\040\000R\000o\000u\000t\000e\000s}{section.3}% 58
\BOOKMARK [2][-]{subsection.3.9}{\376\377\000D\000o\000w\000n\000l\000o\000a\000d\000\040\000S\000p\000e\000e\000d}{section.3}% 59
\BOOKMARK [2][-]{subsection.3.10}{\376\377\000F\000l\000i\000g\000h\000t\000\040\000D\000i\000s\000c\000o\000u\000n\000t}{section.3}% 60
\BOOKMARK [2][-]{subsection.3.11}{\376\377\000F\000l\000i\000g\000h\000t\000\040\000R\000o\000u\000t\000e\000s}{section.3}% 61
\BOOKMARK [2][-]{subsection.3.12}{\376\377\000F\000l\000i\000g\000h\000t\000\040\000R\000o\000u\000t\000e\000s\000\040\000C\000h\000e\000c\000k}{section.3}% 62
\BOOKMARK [2][-]{subsection.3.13}{\376\377\000G\000a\000m\000e\000\040\000R\000o\000u\000t\000e\000s}{section.3}% 63
\BOOKMARK [2][-]{subsection.3.14}{\376\377\000G\000i\000a\000n\000t\000\040\000P\000i\000z\000z\000a}{section.3}% 64
\BOOKMARK [2][-]{subsection.3.15}{\376\377\000H\000a\000m\000i\000l\000t\000o\000n\000i\000a\000n\000\040\000F\000l\000i\000g\000h\000t\000s}{section.3}% 65
\BOOKMARK [2][-]{subsection.3.16}{\376\377\000H\000i\000g\000h\000\040\000S\000c\000o\000r\000e}{section.3}% 66
\BOOKMARK [2][-]{subsection.3.17}{\376\377\000I\000n\000v\000e\000s\000t\000i\000g\000a\000t\000i\000o\000n}{section.3}% 67
\BOOKMARK [2][-]{subsection.3.18}{\376\377\000K\000n\000i\000g\000h\000t\000s\000\040\000T\000o\000u\000r}{section.3}% 68
\BOOKMARK [2][-]{subsection.3.19}{\376\377\000L\000a\000b\000y\000r\000i\000n\000t\000h}{section.3}% 69
\BOOKMARK [2][-]{subsection.3.20}{\376\377\000L\000o\000n\000g\000e\000s\000t\000\040\000F\000l\000i\000g\000h\000t\000\040\000R\000o\000u\000t\000e}{section.3}% 70
\BOOKMARK [2][-]{subsection.3.21}{\376\377\000M\000a\000i\000l\000\040\000D\000e\000l\000i\000v\000e\000r\000y}{section.3}% 71
\BOOKMARK [2][-]{subsection.3.22}{\376\377\000M\000e\000s\000s\000a\000g\000e\000\040\000R\000o\000u\000t\000e}{section.3}% 72
\BOOKMARK [2][-]{subsection.3.23}{\376\377\000M\000o\000n\000s\000t\000e\000r\000s}{section.3}% 73
\BOOKMARK [2][-]{subsection.3.24}{\376\377\000P\000l\000a\000n\000e\000t\000s\000\040\000C\000y\000c\000l\000e\000s}{section.3}% 74
\BOOKMARK [2][-]{subsection.3.25}{\376\377\000P\000l\000a\000n\000e\000t\000s\000\040\000Q\000u\000e\000r\000i\000e\000s\000\040\000I}{section.3}% 75
\BOOKMARK [2][-]{subsection.3.26}{\376\377\000P\000l\000a\000n\000e\000t\000s\000\040\000Q\000u\000e\000r\000i\000e\000s\000\040\000I\000I}{section.3}% 76
\BOOKMARK [2][-]{subsection.3.27}{\376\377\000P\000l\000a\000n\000e\000t\000s\000a\000n\000d\000\040\000K\000i\000n\000g\000d\000o\000m\000s}{section.3}% 77
\BOOKMARK [2][-]{subsection.3.28}{\376\377\000P\000o\000l\000i\000c\000e\000\040\000C\000h\000a\000s\000e}{section.3}% 78
\BOOKMARK [2][-]{subsection.3.29}{\376\377\000R\000o\000a\000d\000\040\000C\000o\000n\000s\000t\000r\000u\000c\000t\000i\000o\000n}{section.3}% 79
\BOOKMARK [2][-]{subsection.3.30}{\376\377\000R\000o\000a\000d\000\040\000R\000e\000p\000a\000r\000a\000t\000i\000o\000n}{section.3}% 80
\BOOKMARK [2][-]{subsection.3.31}{\376\377\000R\000o\000u\000n\000d\000\040\000T\000r\000i\000p}{section.3}% 81
\BOOKMARK [2][-]{subsection.3.32}{\376\377\000R\000o\000u\000n\000d\000\040\000T\000r\000i\000p\000\040\000I\000I}{section.3}% 82
\BOOKMARK [2][-]{subsection.3.33}{\376\377\000S\000c\000h\000o\000o\000l\000\040\000D\000a\000n\000c\000e}{section.3}% 83
\BOOKMARK [2][-]{subsection.3.34}{\376\377\000S\000h\000o\000r\000t\000e\000s\000t\000\040\000R\000o\000u\000t\000e\000s\000\040\000I}{section.3}% 84
\BOOKMARK [2][-]{subsection.3.35}{\376\377\000S\000h\000o\000r\000t\000e\000s\000t\000\040\000R\000o\000u\000t\000e\000s\000\040\000I\000I}{section.3}% 85
\BOOKMARK [2][-]{subsection.3.36}{\376\377\000T\000e\000l\000e\000p\000o\000r\000t\000e\000r\000s\000\040\000P\000a\000t\000h}{section.3}% 86
\BOOKMARK [1][-]{section.4}{\376\377\000R\000a\000n\000g\000e\000\040\000Q\000u\000e\000r\000i\000e\000s}{}% 87
\BOOKMARK [2][-]{subsection.4.1}{\376\377\000D\000i\000s\000t\000i\000n\000c\000t\000\040\000V\000a\000l\000u\000e\000s\000\040\000Q\000u\000e\000r\000i\000e\000s}{section.4}% 88
\BOOKMARK [2][-]{subsection.4.2}{\376\377\000D\000i\000s\000t\000i\000n\000c\000t\000\040\000V\000a\000l\000u\000e\000s\000\040\000Q\000u\000e\000r\000i\000e\000s\000\040\000I\000I}{section.4}% 89
\BOOKMARK [2][-]{subsection.4.3}{\376\377\000D\000y\000n\000a\000m\000i\000c\000\040\000R\000a\000n\000g\000e\000\040\000M\000i\000n\000i\000m\000u\000m\000\040\000Q\000u\000e\000r\000i\000e\000s}{section.4}% 90
\BOOKMARK [2][-]{subsection.4.4}{\376\377\000D\000y\000n\000a\000m\000i\000c\000\040\000R\000a\000n\000g\000e\000\040\000S\000u\000m\000\040\000Q\000u\000e\000r\000i\000e\000s}{section.4}% 91
\BOOKMARK [2][-]{subsection.4.5}{\376\377\000F\000o\000r\000e\000s\000t\000\040\000Q\000u\000e\000r\000i\000e\000s}{section.4}% 92
\BOOKMARK [2][-]{subsection.4.6}{\376\377\000H\000o\000t\000e\000l\000\040\000Q\000u\000e\000r\000i\000e\000s}{section.4}% 93
\BOOKMARK [2][-]{subsection.4.7}{\376\377\000L\000i\000s\000t\000\040\000R\000e\000m\000o\000v\000a\000l\000s}{section.4}% 94
\BOOKMARK [2][-]{subsection.4.8}{\376\377\000P\000i\000z\000z\000e\000r\000i\000a\000\040\000Q\000u\000e\000r\000i\000e\000s}{section.4}% 95
\BOOKMARK [2][-]{subsection.4.9}{\376\377\000P\000o\000l\000y\000n\000o\000m\000i\000a\000l\000\040\000Q\000u\000e\000r\000i\000e\000s}{section.4}% 96
\BOOKMARK [2][-]{subsection.4.10}{\376\377\000P\000r\000e\000f\000i\000x\000\040\000S\000u\000m\000\040\000Q\000u\000e\000r\000i\000e\000s}{section.4}% 97
\BOOKMARK [2][-]{subsection.4.11}{\376\377\000R\000a\000n\000g\000e\000\040\000U\000p\000d\000a\000t\000e\000\040\000Q\000u\000e\000r\000i\000e\000s}{section.4}% 98
\BOOKMARK [2][-]{subsection.4.12}{\376\377\000R\000a\000n\000g\000e\000\040\000X\000o\000r\000\040\000Q\000u\000e\000r\000i\000e\000s}{section.4}% 99
\BOOKMARK [2][-]{subsection.4.13}{\376\377\000S\000a\000l\000a\000r\000y\000\040\000Q\000u\000e\000r\000i\000e\000s}{section.4}% 100
\BOOKMARK [2][-]{subsection.4.14}{\376\377\000S\000t\000a\000t\000i\000c\000\040\000R\000a\000n\000g\000e\000\040\000M\000i\000n\000i\000m\000u\000m\000\040\000Q\000u\000e\000r\000i\000e\000s}{section.4}% 101
\BOOKMARK [2][-]{subsection.4.15}{\376\377\000S\000t\000a\000t\000i\000c\000\040\000R\000a\000n\000g\000e\000\040\000S\000u\000m\000\040\000Q\000u\000e\000r\000i\000e\000s}{section.4}% 102
\BOOKMARK [2][-]{subsection.4.16}{\376\377\000S\000u\000b\000a\000r\000r\000a\000y\000\040\000S\000u\000m\000\040\000Q\000u\000e\000r\000i\000e\000s}{section.4}% 103
\BOOKMARK [2][-]{subsection.4.17}{\376\377\000S\000u\000b\000a\000r\000r\000a\000y\000\040\000S\000u\000m\000\040\000Q\000u\000e\000r\000i\000e\000s\000\040\000I\000I}{section.4}% 104
\BOOKMARK [2][-]{subsection.4.18}{\376\377\000V\000i\000s\000i\000b\000l\000e\000\040\000B\000u\000i\000l\000d\000i\000n\000g\000s\000\040\000Q\000u\000e\000r\000i\000e\000s}{section.4}% 105
\BOOKMARK [1][-]{section.5}{\376\377\000T\000r\000e\000e\000\040\000A\000l\000g\000o\000r\000i\000t\000h\000m\000s}{}% 106
\BOOKMARK [2][-]{subsection.5.1}{\376\377\000C\000o\000m\000p\000a\000n\000y\000\040\000Q\000u\000e\000r\000i\000e\000s\000\040\000I}{section.5}% 107
\BOOKMARK [2][-]{subsection.5.2}{\376\377\000C\000o\000m\000p\000a\000n\000y\000\040\000Q\000u\000e\000r\000i\000e\000s\000\040\000I\000I}{section.5}% 108
\BOOKMARK [2][-]{subsection.5.3}{\376\377\000C\000o\000u\000n\000t\000i\000n\000g\000\040\000P\000a\000t\000h\000s}{section.5}% 109
\BOOKMARK [2][-]{subsection.5.4}{\376\377\000D\000i\000s\000t\000a\000n\000c\000e\000\040\000Q\000u\000e\000r\000i\000e\000s}{section.5}% 110
\BOOKMARK [2][-]{subsection.5.5}{\376\377\000D\000i\000s\000t\000i\000n\000c\000t\000\040\000C\000o\000l\000o\000r\000s}{section.5}% 111
\BOOKMARK [2][-]{subsection.5.6}{\376\377\000F\000i\000n\000d\000i\000n\000g\000\040\000A\000C\000e\000n\000t\000r\000o\000i\000d}{section.5}% 112
\BOOKMARK [2][-]{subsection.5.7}{\376\377\000F\000i\000x\000e\000d\000-\000L\000e\000n\000g\000t\000h\000\040\000P\000a\000t\000h\000s\000\040\000I}{section.5}% 113
\BOOKMARK [2][-]{subsection.5.8}{\376\377\000P\000a\000t\000h\000\040\000Q\000u\000e\000r\000i\000e\000s}{section.5}% 114
\BOOKMARK [2][-]{subsection.5.9}{\376\377\000P\000a\000t\000h\000\040\000Q\000u\000e\000r\000i\000e\000s\000\040\000I\000I}{section.5}% 115
\BOOKMARK [2][-]{subsection.5.10}{\376\377\000S\000u\000b\000o\000r\000d\000i\000n\000a\000t\000e\000s}{section.5}% 116
\BOOKMARK [2][-]{subsection.5.11}{\376\377\000S\000u\000b\000t\000r\000e\000e\000\040\000Q\000u\000e\000r\000i\000e\000s}{section.5}% 117
\BOOKMARK [2][-]{subsection.5.12}{\376\377\000T\000r\000e\000e\000\040\000D\000i\000a\000m\000e\000t\000e\000r}{section.5}% 118
\BOOKMARK [2][-]{subsection.5.13}{\376\377\000T\000r\000e\000e\000\040\000D\000i\000s\000t\000a\000n\000c\000e\000s\000\040\000I}{section.5}% 119
\BOOKMARK [2][-]{subsection.5.14}{\376\377\000T\000r\000e\000e\000\040\000D\000i\000s\000t\000a\000n\000c\000e\000s\000\040\000I\000I}{section.5}% 120
\BOOKMARK [2][-]{subsection.5.15}{\376\377\000T\000r\000e\000e\000\040\000M\000a\000t\000c\000h\000i\000n\000g}{section.5}% 121
\BOOKMARK [1][-]{section.6}{\376\377\000M\000a\000t\000h\000e\000m\000a\000t\000i\000c\000s}{}% 122
\BOOKMARK [2][-]{subsection.6.1}{\376\377\000C\000a\000n\000d\000y\000\040\000L\000o\000t\000t\000e\000r\000y}{section.6}% 123
\BOOKMARK [1][-]{section.7}{\376\377\000S\000t\000r\000i\000n\000g\000\040\000A\000l\000g\000o\000r\000i\000t\000h\000m\000s}{}% 124
\BOOKMARK [2][-]{subsection.7.1}{\376\377\000C\000o\000u\000n\000t\000i\000n\000g\000\040\000P\000a\000t\000t\000e\000r\000n\000s}{section.7}% 125
\BOOKMARK [2][-]{subsection.7.2}{\376\377\000D\000i\000s\000t\000i\000n\000c\000t\000\040\000S\000u\000b\000s\000t\000r\000i\000n\000g\000s}{section.7}% 126
\BOOKMARK [2][-]{subsection.7.3}{\376\377\000F\000i\000n\000d\000i\000n\000g\000\040\000B\000o\000r\000d\000e\000r\000s}{section.7}% 127
\BOOKMARK [2][-]{subsection.7.4}{\376\377\000R\000e\000p\000e\000a\000t\000i\000n\000g\000\040\000S\000u\000b\000s\000t\000r\000i\000n\000g}{section.7}% 128
\BOOKMARK [2][-]{subsection.7.5}{\376\377\000S\000t\000r\000i\000n\000g\000\040\000F\000u\000n\000c\000t\000i\000o\000n\000s}{section.7}% 129
\BOOKMARK [2][-]{subsection.7.6}{\376\377\000S\000t\000r\000i\000n\000g\000\040\000M\000a\000t\000c\000h\000i\000n\000g}{section.7}% 130
\BOOKMARK [2][-]{subsection.7.7}{\376\377\000S\000t\000r\000i\000n\000g\000\040\000T\000r\000a\000n\000s\000f\000o\000r\000m}{section.7}% 131
\BOOKMARK [2][-]{subsection.7.8}{\376\377\000S\000u\000b\000s\000t\000r\000i\000n\000g\000\040\000O\000r\000d\000e\000r\000\040\000I}{section.7}% 132
\BOOKMARK [2][-]{subsection.7.9}{\376\377\000S\000u\000b\000s\000t\000r\000i\000n\000g\000\040\000O\000r\000d\000e\000r\000\040\000I\000I}{section.7}% 133
\BOOKMARK [1][-]{section.8}{\376\377\000A\000d\000v\000a\000n\000c\000e\000d\000\040\000T\000e\000c\000h\000n\000i\000q\000u\000e\000s}{}% 134
\BOOKMARK [2][-]{subsection.8.1}{\376\377\000D\000i\000s\000t\000i\000n\000c\000t\000\040\000R\000o\000u\000t\000e\000s\000\040\000I\000I}{section.8}% 135
\BOOKMARK [2][-]{subsection.8.2}{\376\377\000E\000u\000l\000e\000r\000i\000a\000n\000\040\000S\000u\000b\000g\000r\000a\000p\000h\000s}{section.8}% 136
\BOOKMARK [2][-]{subsection.8.3}{\376\377\000H\000o\000u\000s\000e\000s\000a\000n\000d\000\040\000S\000c\000h\000o\000o\000l\000s}{section.8}% 137
\BOOKMARK [2][-]{subsection.8.4}{\376\377\000L\000o\000n\000g\000e\000s\000t\000\040\000P\000a\000l\000i\000n\000d\000r\000o\000m\000e}{section.8}% 138
\BOOKMARK [2][-]{subsection.8.5}{\376\377\000M\000o\000n\000s\000t\000e\000r\000\040\000G\000a\000m\000e}{section.8}% 139
\BOOKMARK [2][-]{subsection.8.6}{\376\377\000N\000e\000c\000e\000s\000s\000a\000r\000y\000\040\000C\000i\000t\000i\000e\000s}{section.8}% 140
\BOOKMARK [2][-]{subsection.8.7}{\376\377\000N\000e\000c\000e\000s\000s\000a\000r\000y\000\040\000R\000o\000a\000d\000s}{section.8}% 141
\BOOKMARK [2][-]{subsection.8.8}{\376\377\000P\000a\000r\000c\000e\000l\000\040\000D\000e\000l\000i\000v\000e\000r\000y}{section.8}% 142
\BOOKMARK [2][-]{subsection.8.9}{\376\377\000S\000i\000g\000n\000a\000l\000\040\000P\000r\000o\000c\000e\000s\000s\000i\000n\000g}{section.8}% 143
\BOOKMARK [2][-]{subsection.8.10}{\376\377\000S\000u\000b\000a\000r\000r\000a\000y\000\040\000S\000q\000u\000a\000r\000e\000s}{section.8}% 144
\BOOKMARK [2][-]{subsection.8.11}{\376\377\000S\000u\000b\000s\000t\000r\000i\000n\000g\000\040\000R\000e\000v\000e\000r\000s\000a\000l\000s}{section.8}% 145
\BOOKMARK [1][-]{section.9}{\376\377\000A\000d\000d\000i\000t\000i\000o\000n\000a\000l\000\040\000P\000r\000o\000b\000l\000e\000m\000s\000\040\000I}{}% 146
\BOOKMARK [2][-]{subsection.9.1}{\376\377\000B\000e\000a\000u\000t\000i\000f\000u\000l\000\040\000P\000e\000r\000m\000u\000t\000a\000t\000i\000o\000n\000\040\000I\000I}{section.9}% 147
\BOOKMARK [2][-]{subsection.9.2}{\376\377\000D\000i\000s\000t\000i\000n\000c\000t\000\040\000V\000a\000l\000u\000e\000s\000\040\000S\000u\000m}{section.9}% 148
\BOOKMARK [2][-]{subsection.9.3}{\376\377\000M\000a\000x\000i\000m\000u\000m\000\040\000A\000v\000e\000r\000a\000g\000e\000\040\000S\000u\000b\000a\000r\000r\000a\000y\000s}{section.9}% 149
\BOOKMARK [2][-]{subsection.9.4}{\376\377\000M\000a\000x\000i\000m\000u\000m\000\040\000B\000u\000i\000l\000d\000i\000n\000g\000\040\000I}{section.9}% 150
\BOOKMARK [2][-]{subsection.9.5}{\376\377\000N\000e\000a\000r\000e\000s\000t\000\040\000C\000a\000m\000p\000s\000i\000t\000e\000s\000\040\000I}{section.9}% 151
\BOOKMARK [2][-]{subsection.9.6}{\376\377\000N\000e\000a\000r\000e\000s\000t\000\040\000C\000a\000m\000p\000s\000i\000t\000e\000s\000\040\000I\000I}{section.9}% 152
\BOOKMARK [2][-]{subsection.9.7}{\376\377\000S\000o\000r\000t\000i\000n\000g\000\040\000M\000e\000t\000h\000o\000d\000s}{section.9}% 153
\BOOKMARK [2][-]{subsection.9.8}{\376\377\000S\000w\000a\000p\000\040\000G\000a\000m\000e}{section.9}% 154
\BOOKMARK [2][-]{subsection.9.9}{\376\377\000W\000a\000t\000e\000r\000\040\000C\000o\000n\000t\000a\000i\000n\000e\000r\000s\000\040\000M\000o\000v\000e\000s}{section.9}% 155
\BOOKMARK [2][-]{subsection.9.10}{\376\377\000W\000r\000i\000t\000i\000n\000g\000\040\000N\000u\000m\000b\000e\000r\000s}{section.9}% 156
\BOOKMARK [1][-]{section.10}{\376\377\000A\000d\000d\000i\000t\000i\000o\000n\000a\000l\000\040\000P\000r\000o\000b\000l\000e\000m\000s\000\040\000I\000I}{}% 157
\BOOKMARK [2][-]{subsection.10.1}{\376\377\000B\000o\000o\000k\000\040\000S\000h\000o\000p\000\040\000I\000I}{section.10}% 158
\BOOKMARK [2][-]{subsection.10.2}{\376\377\000F\000o\000o\000d\000\040\000D\000i\000v\000i\000s\000i\000o\000n}{section.10}% 159
\BOOKMARK [2][-]{subsection.10.3}{\376\377\000G\000C\000D\000S\000u\000b\000s\000e\000t\000s}{section.10}% 160
\BOOKMARK [2][-]{subsection.10.4}{\376\377\000G\000r\000i\000d\000\040\000C\000o\000l\000o\000r\000i\000n\000g\000\040\000I\000I}{section.10}% 161
\BOOKMARK [2][-]{subsection.10.5}{\376\377\000I\000n\000c\000r\000e\000a\000s\000i\000n\000g\000\040\000A\000r\000r\000a\000y\000\040\000I\000I}{section.10}% 162
\BOOKMARK [2][-]{subsection.10.6}{\376\377\000K\000S\000u\000b\000s\000e\000t\000\040\000S\000u\000m\000s\000\040\000I}{section.10}% 163
\BOOKMARK [2][-]{subsection.10.7}{\376\377\000K\000S\000u\000b\000s\000e\000t\000\040\000S\000u\000m\000s\000\040\000I\000I}{section.10}% 164
\BOOKMARK [2][-]{subsection.10.8}{\376\377\000K\000n\000i\000g\000h\000t\000\040\000M\000o\000v\000e\000s\000\040\000Q\000u\000e\000r\000i\000e\000s}{section.10}% 165
\BOOKMARK [2][-]{subsection.10.9}{\376\377\000M\000a\000x\000i\000m\000u\000m\000\040\000B\000u\000i\000l\000d\000i\000n\000g\000\040\000I\000I}{section.10}% 166
\BOOKMARK [2][-]{subsection.10.10}{\376\377\000M\000e\000x\000\040\000G\000r\000i\000d\000\040\000Q\000u\000e\000r\000i\000e\000s}{section.10}% 167
\BOOKMARK [2][-]{subsection.10.11}{\376\377\000M\000i\000n\000i\000m\000u\000m\000\040\000C\000o\000s\000t\000\040\000P\000a\000i\000r\000s}{section.10}% 168
\BOOKMARK [2][-]{subsection.10.12}{\376\377\000P\000r\000o\000g\000r\000a\000m\000m\000e\000r\000s\000a\000n\000d\000\040\000A\000r\000t\000i\000s\000t\000s}{section.10}% 169
\BOOKMARK [2][-]{subsection.10.13}{\376\377\000S\000c\000h\000o\000o\000l\000\040\000E\000x\000c\000u\000r\000s\000i\000o\000n}{section.10}% 170
\BOOKMARK [1][-]{section.11}{\376\377\000A\000d\000v\000a\000n\000c\000e\000d\000\040\000G\000r\000a\000p\000h\000\040\000P\000r\000o\000b\000l\000e\000m\000s}{}% 171
\BOOKMARK [2][-]{subsection.11.1}{\376\377\000A\000c\000y\000c\000l\000i\000c\000\040\000G\000r\000a\000p\000h\000\040\000E\000d\000g\000e\000s}{section.11}% 172
\BOOKMARK [2][-]{subsection.11.2}{\376\377\000C\000o\000u\000r\000s\000e\000\040\000S\000c\000h\000e\000d\000u\000l\000e\000\040\000I\000I}{section.11}% 173
\BOOKMARK [2][-]{subsection.11.3}{\376\377\000E\000v\000e\000n\000\040\000O\000u\000t\000d\000e\000g\000r\000e\000e\000\040\000E\000d\000g\000e\000s}{section.11}% 174
\BOOKMARK [2][-]{subsection.11.4}{\376\377\000G\000r\000a\000p\000h\000\040\000C\000o\000l\000o\000r\000i\000n\000g}{section.11}% 175
\BOOKMARK [2][-]{subsection.11.5}{\376\377\000S\000p\000l\000i\000t\000\040\000I\000n\000t\000o\000\040\000T\000w\000o\000\040\000P\000a\000t\000h\000s}{section.11}% 176
\BOOKMARK [2][-]{subsection.11.6}{\376\377\000S\000t\000r\000o\000n\000g\000l\000y\000\040\000C\000o\000n\000n\000e\000c\000t\000e\000d\000\040\000E\000d\000g\000e\000s}{section.11}% 177
\BOOKMARK [2][-]{subsection.11.7}{\376\377\000T\000r\000e\000e\000\040\000C\000o\000i\000n\000\040\000C\000o\000l\000l\000e\000c\000t\000i\000n\000g\000\040\000I}{section.11}% 178
\BOOKMARK [2][-]{subsection.11.8}{\376\377\000T\000r\000e\000e\000\040\000C\000o\000i\000n\000\040\000C\000o\000l\000l\000e\000c\000t\000i\000n\000g\000\040\000I\000I}{section.11}% 179
\BOOKMARK [2][-]{subsection.11.9}{\376\377\000T\000r\000e\000e\000\040\000T\000r\000a\000v\000e\000r\000s\000a\000l\000s}{section.11}% 180
\BOOKMARK [1][-]{section.12}{\376\377\000B\000i\000t\000w\000i\000s\000e\000\040\000O\000p\000e\000r\000a\000t\000i\000o\000n\000s}{}% 181
\BOOKMARK [2][-]{subsection.12.1}{\376\377\000A\000l\000l\000\040\000S\000u\000b\000a\000r\000r\000a\000y\000\040\000X\000o\000r\000s}{section.12}% 182
\BOOKMARK [2][-]{subsection.12.2}{\376\377\000A\000n\000d\000\040\000S\000u\000b\000s\000e\000t\000\040\000C\000o\000u\000n\000t}{section.12}% 183
\BOOKMARK [2][-]{subsection.12.3}{\376\377\000C\000o\000u\000n\000t\000i\000n\000g\000\040\000B\000i\000t\000s}{section.12}% 184
\BOOKMARK [2][-]{subsection.12.4}{\376\377\000K\000S\000u\000b\000s\000e\000t\000\040\000X\000o\000r\000s}{section.12}% 185
\BOOKMARK [2][-]{subsection.12.5}{\376\377\000M\000a\000x\000i\000m\000u\000m\000\040\000X\000o\000r\000\040\000S\000u\000b\000a\000r\000r\000a\000y}{section.12}% 186
\BOOKMARK [2][-]{subsection.12.6}{\376\377\000M\000a\000x\000i\000m\000u\000m\000\040\000X\000o\000r\000\040\000S\000u\000b\000s\000e\000t}{section.12}% 187
\BOOKMARK [2][-]{subsection.12.7}{\376\377\000N\000u\000m\000b\000e\000r\000o\000f\000\040\000S\000u\000b\000s\000e\000t\000\040\000X\000o\000r\000s}{section.12}% 188
\BOOKMARK [2][-]{subsection.12.8}{\376\377\000S\000O\000S\000B\000i\000t\000\040\000P\000r\000o\000b\000l\000e\000m}{section.12}% 189
\BOOKMARK [2][-]{subsection.12.9}{\376\377\000X\000o\000r\000\040\000P\000y\000r\000a\000m\000i\000d\000\040\000D\000i\000a\000g\000o\000n\000a\000l}{section.12}% 190
\BOOKMARK [2][-]{subsection.12.10}{\376\377\000X\000o\000r\000\040\000P\000y\000r\000a\000m\000i\000d\000\040\000P\000e\000a\000k}{section.12}% 191
\BOOKMARK [2][-]{subsection.12.11}{\376\377\000X\000o\000r\000\040\000P\000y\000r\000a\000m\000i\000d\000\040\000R\000o\000w}{section.12}% 192
\BOOKMARK [1][-]{section.13}{\376\377\000C\000o\000n\000s\000t\000r\000u\000c\000t\000i\000o\000n\000\040\000P\000r\000o\000b\000l\000e\000m\000s}{}% 193
\BOOKMARK [2][-]{subsection.13.1}{\376\377\000C\000h\000e\000s\000s\000\040\000T\000o\000u\000r\000n\000a\000m\000e\000n\000t}{section.13}% 194
\BOOKMARK [2][-]{subsection.13.2}{\376\377\000I\000n\000v\000e\000r\000s\000e\000\040\000I\000n\000v\000e\000r\000s\000i\000o\000n\000s}{section.13}% 195
\BOOKMARK [1][-]{section.14}{\376\377\000C\000o\000u\000n\000t\000i\000n\000g\000\040\000P\000r\000o\000b\000l\000e\000m\000s}{}% 196
\BOOKMARK [2][-]{subsection.14.1}{\376\377\000A\000l\000l\000\040\000L\000e\000t\000t\000e\000r\000\040\000S\000u\000b\000g\000r\000i\000d\000\040\000C\000o\000u\000n\000t\000\040\000I}{section.14}% 197
\BOOKMARK [2][-]{subsection.14.2}{\376\377\000A\000l\000l\000\040\000L\000e\000t\000t\000e\000r\000\040\000S\000u\000b\000g\000r\000i\000d\000\040\000C\000o\000u\000n\000t\000\040\000I\000I}{section.14}% 198
\BOOKMARK [2][-]{subsection.14.3}{\376\377\000C\000o\000u\000n\000t\000i\000n\000g\000\040\000S\000e\000q\000u\000e\000n\000c\000e\000s}{section.14}% 199
\BOOKMARK [2][-]{subsection.14.4}{\376\377\000E\000m\000p\000t\000y\000\040\000S\000t\000r\000i\000n\000g}{section.14}% 200
\BOOKMARK [2][-]{subsection.14.5}{\376\377\000G\000r\000i\000d\000\040\000P\000a\000t\000h\000s\000\040\000I\000I}{section.14}% 201
\BOOKMARK [2][-]{subsection.14.6}{\376\377\000P\000e\000r\000m\000u\000t\000a\000t\000i\000o\000n\000\040\000I\000n\000v\000e\000r\000s\000i\000o\000n\000s}{section.14}% 202
\BOOKMARK [1][-]{section.15}{\376\377\000S\000l\000i\000d\000i\000n\000g\000\040\000W\000i\000n\000d\000o\000w\000\040\000P\000r\000o\000b\000l\000e\000m\000s}{}% 203
\BOOKMARK [2][-]{subsection.15.1}{\376\377\000S\000l\000i\000d\000i\000n\000g\000\040\000W\000i\000n\000d\000o\000w\000\040\000C\000o\000s\000t}{section.15}% 204
\BOOKMARK [2][-]{subsection.15.2}{\376\377\000S\000l\000i\000d\000i\000n\000g\000\040\000W\000i\000n\000d\000o\000w\000\040\000M\000e\000d\000i\000a\000n}{section.15}% 205
\BOOKMARK [1][-]{section.16}{\376\377\000S\000o\000r\000t\000i\000n\000g\000\040\000A\000n\000d\000\040\000S\000e\000a\000r\000c\000h\000i\000n\000g}{}% 206
\BOOKMARK [2][-]{subsection.16.1}{\376\377\000A\000p\000a\000r\000t\000m\000e\000n\000t\000s}{section.16}% 207
\BOOKMARK [2][-]{subsection.16.2}{\376\377\000A\000r\000r\000a\000y\000\040\000D\000i\000v\000i\000s\000i\000o\000n}{section.16}% 208
\BOOKMARK [2][-]{subsection.16.3}{\376\377\000C\000o\000l\000l\000e\000c\000t\000i\000n\000g\000\040\000N\000u\000m\000b\000e\000r\000s}{section.16}% 209
\BOOKMARK [2][-]{subsection.16.4}{\376\377\000C\000o\000l\000l\000e\000c\000t\000i\000n\000g\000\040\000N\000u\000m\000b\000e\000r\000s\000\040\000I\000I}{section.16}% 210
\BOOKMARK [2][-]{subsection.16.5}{\376\377\000C\000o\000n\000c\000e\000r\000t\000\040\000T\000i\000c\000k\000e\000t\000s}{section.16}% 211
\BOOKMARK [2][-]{subsection.16.6}{\376\377\000D\000i\000s\000t\000i\000n\000c\000t\000\040\000N\000u\000m\000b\000e\000r\000s}{section.16}% 212
\BOOKMARK [2][-]{subsection.16.7}{\376\377\000D\000i\000s\000t\000i\000n\000c\000t\000\040\000V\000a\000l\000u\000e\000s\000\040\000S\000u\000b\000a\000r\000r\000a\000y\000s}{section.16}% 213
\BOOKMARK [2][-]{subsection.16.8}{\376\377\000D\000i\000s\000t\000i\000n\000c\000t\000\040\000V\000a\000l\000u\000e\000s\000\040\000S\000u\000b\000a\000r\000r\000a\000y\000s\000\040\000I\000I}{section.16}% 214
\BOOKMARK [2][-]{subsection.16.9}{\376\377\000D\000i\000s\000t\000i\000n\000c\000t\000\040\000V\000a\000l\000u\000e\000s\000\040\000S\000u\000b\000s\000e\000q\000u\000e\000n\000c\000e\000s}{section.16}% 215
\BOOKMARK [2][-]{subsection.16.10}{\376\377\000F\000a\000c\000t\000o\000r\000y\000\040\000M\000a\000c\000h\000i\000n\000e\000s}{section.16}% 216
\BOOKMARK [2][-]{subsection.16.11}{\376\377\000F\000e\000r\000r\000i\000s\000\040\000W\000h\000e\000e\000l}{section.16}% 217
\BOOKMARK [2][-]{subsection.16.12}{\376\377\000J\000o\000s\000e\000p\000h\000u\000s\000\040\000P\000r\000o\000b\000l\000e\000m\000\040\000I}{section.16}% 218
\BOOKMARK [2][-]{subsection.16.13}{\376\377\000J\000o\000s\000e\000p\000h\000u\000s\000\040\000P\000r\000o\000b\000l\000e\000m\000\040\000I\000I}{section.16}% 219
\BOOKMARK [2][-]{subsection.16.14}{\376\377\000M\000a\000x\000i\000m\000u\000m\000\040\000S\000u\000b\000a\000r\000r\000a\000y\000\040\000S\000u\000m}{section.16}% 220
\BOOKMARK [2][-]{subsection.16.15}{\376\377\000M\000a\000x\000i\000m\000u\000m\000\040\000S\000u\000b\000a\000r\000r\000a\000y\000\040\000S\000u\000m\000\040\000I\000I}{section.16}% 221
\BOOKMARK [2][-]{subsection.16.16}{\376\377\000M\000i\000s\000s\000i\000n\000g\000\040\000C\000o\000i\000n\000\040\000S\000u\000m}{section.16}% 222
\BOOKMARK [2][-]{subsection.16.17}{\376\377\000M\000o\000v\000i\000e\000\040\000F\000e\000s\000t\000i\000v\000a\000l}{section.16}% 223
\BOOKMARK [2][-]{subsection.16.18}{\376\377\000M\000o\000v\000i\000e\000\040\000F\000e\000s\000t\000i\000v\000a\000l\000\040\000I\000I}{section.16}% 224
\BOOKMARK [2][-]{subsection.16.19}{\376\377\000N\000e\000a\000r\000e\000s\000t\000\040\000S\000m\000a\000l\000l\000e\000r\000\040\000V\000a\000l\000u\000e\000s}{section.16}% 225
\BOOKMARK [2][-]{subsection.16.20}{\376\377\000N\000e\000s\000t\000e\000d\000\040\000R\000a\000n\000g\000e\000s\000\040\000C\000h\000e\000c\000k}{section.16}% 226
\BOOKMARK [2][-]{subsection.16.21}{\376\377\000N\000e\000s\000t\000e\000d\000\040\000R\000a\000n\000g\000e\000s\000\040\000C\000o\000u\000n\000t}{section.16}% 227
\BOOKMARK [2][-]{subsection.16.22}{\376\377\000P\000l\000a\000y\000l\000i\000s\000t}{section.16}% 228
\BOOKMARK [2][-]{subsection.16.23}{\376\377\000R\000e\000a\000d\000i\000n\000g\000\040\000B\000o\000o\000k\000s}{section.16}% 229
\BOOKMARK [2][-]{subsection.16.24}{\376\377\000R\000e\000s\000t\000a\000u\000r\000a\000n\000t\000\040\000C\000u\000s\000t\000o\000m\000e\000r\000s}{section.16}% 230
\BOOKMARK [2][-]{subsection.16.25}{\376\377\000R\000o\000o\000m\000\040\000A\000l\000o\000c\000a\000t\000i\000o\000n}{section.16}% 231
\BOOKMARK [2][-]{subsection.16.26}{\376\377\000S\000t\000i\000c\000k\000\040\000L\000e\000n\000g\000t\000h\000s}{section.16}% 232
\BOOKMARK [2][-]{subsection.16.27}{\376\377\000S\000u\000b\000a\000r\000r\000a\000y\000\040\000D\000i\000v\000i\000s\000i\000b\000i\000l\000i\000t\000y}{section.16}% 233
\BOOKMARK [2][-]{subsection.16.28}{\376\377\000S\000u\000b\000a\000r\000r\000a\000y\000\040\000S\000u\000m\000s\000\040\000I}{section.16}% 234
\BOOKMARK [2][-]{subsection.16.29}{\376\377\000S\000u\000b\000a\000r\000r\000a\000y\000\040\000S\000u\000m\000s\000\040\000I\000I}{section.16}% 235
\BOOKMARK [2][-]{subsection.16.30}{\376\377\000S\000u\000m\000o\000f\000\040\000F\000o\000u\000r\000\040\000V\000a\000l\000u\000e\000s}{section.16}% 236
\BOOKMARK [2][-]{subsection.16.31}{\376\377\000S\000u\000m\000o\000f\000\040\000T\000h\000r\000e\000e\000\040\000V\000a\000l\000u\000e\000s}{section.16}% 237
\BOOKMARK [2][-]{subsection.16.32}{\376\377\000S\000u\000m\000o\000f\000\040\000T\000w\000o\000\040\000V\000a\000l\000u\000e\000s}{section.16}% 238
\BOOKMARK [2][-]{subsection.16.33}{\376\377\000T\000a\000s\000k\000s\000a\000n\000d\000\040\000D\000e\000a\000d\000l\000i\000n\000e\000s}{section.16}% 239
\BOOKMARK [2][-]{subsection.16.34}{\376\377\000T\000o\000w\000e\000r\000s}{section.16}% 240
\BOOKMARK [2][-]{subsection.16.35}{\376\377\000T\000r\000a\000f\000f\000i\000c\000\040\000L\000i\000g\000h\000t\000s}{section.16}% 241
